// Jest Snapshot v1, https://goo.gl/fbAQLP

exports[`functions aws sns parseSNS fails and returns unexpected error, invalid sns event 1`] = `"unexpected error - invalid sns event"`;
